2026-04-29 14:21:23,672 
==================================================
2026-04-29 14:21:23,672 SNOWBALL — Profundidade 0/2
2026-04-29 14:21:23,672 Subreddits nesta rodada: {'teenagers', 'brainrot', 'addiction', 'selfhelp', 'attention'}
2026-04-29 14:21:23,672 ==================================================
2026-04-29 14:21:23,672 Scraping subreddit: teenagers
2026-04-29 14:21:24,905   25 posts coletados...
2026-04-29 14:21:27,727   50 posts coletados...
2026-04-29 14:21:30,636   75 posts coletados...
2026-04-29 14:21:33,418   100 posts coletados...
2026-04-29 14:21:36,351   125 posts coletados...
2026-04-29 14:21:39,208   150 posts coletados...
2026-04-29 14:21:42,010   175 posts coletados...
2026-04-29 14:21:44,710   192 posts coletados...
2026-04-29 14:21:47,280 Dados salvos em .//0/subreddits/teenagers.json (192 posts)
2026-04-29 14:21:47,280 Scraping subreddit: brainrot
2026-04-29 14:21:48,328   25 posts coletados...
2026-04-29 14:21:51,237   50 posts coletados...
2026-04-29 14:21:53,442   75 posts coletados...
2026-04-29 14:21:56,368   100 posts coletados...
2026-04-29 14:21:59,214   125 posts coletados...
2026-04-29 14:22:02,072   150 posts coletados...
2026-04-29 14:22:04,981   175 posts coletados...
2026-04-29 14:22:07,889   200 posts coletados...
2026-04-29 14:22:09,909 Dados salvos em .//0/subreddits/brainrot.json (200 posts)
2026-04-29 14:22:09,909 Scraping subreddit: addiction
2026-04-29 14:22:10,362 Dados salvos em .//0/subreddits/addiction.json (0 posts)
2026-04-29 14:22:10,362 Scraping subreddit: selfhelp
2026-04-29 14:22:11,222   25 posts coletados...
2026-04-29 14:22:14,025   50 posts coletados...
2026-04-29 14:22:16,862   75 posts coletados...
2026-04-29 14:22:19,736   100 posts coletados...
2026-04-29 14:22:22,713   125 posts coletados...
2026-04-29 14:22:25,204   150 posts coletados...
2026-04-29 14:22:30,015   175 posts coletados...
2026-04-29 14:22:32,893   200 posts coletados...
2026-04-29 14:22:34,904 Dados salvos em .//0/subreddits/selfhelp.json (200 posts)
2026-04-29 14:22:34,904 Scraping subreddit: attention
2026-04-29 14:22:35,346 Dados salvos em .//0/subreddits/attention.json (0 posts)
2026-04-29 14:22:35,346 
==================================================
2026-04-29 14:22:35,346 SNOWBALL — Profundidade 1/2
2026-04-29 14:22:35,346 Subreddits nesta rodada: set()
2026-04-29 14:22:35,346 ==================================================
2026-04-29 14:22:35,346 Nenhum subreddit novo. Encerrando snowball.
2026-04-29 14:32:42,349 
==================================================
2026-04-29 14:32:42,349 SNOWBALL — Profundidade 0/2
2026-04-29 14:32:42,350 Subreddits nesta rodada: {'selfhelp', 'anxiety', 'teenagers', 'attention', 'addiction', 'depression', 'selfimprovement', 'studytips', 'study', 'brainrot', 'nosurf'}
2026-04-29 14:32:42,350 ==================================================
2026-04-29 14:32:42,350 Scraping subreddit: selfhelp
2026-04-29 14:32:42,883 Dados salvos em .//0/subreddits/selfhelp.json (0 posts)
2026-04-29 14:32:42,883 Scraping subreddit: anxiety
2026-04-29 14:32:43,461 Dados salvos em .//0/subreddits/anxiety.json (0 posts)
2026-04-29 14:32:43,461 Scraping subreddit: teenagers
2026-04-29 14:32:44,089 Dados salvos em .//0/subreddits/teenagers.json (0 posts)
2026-04-29 14:32:44,090 Scraping subreddit: attention
2026-04-29 14:32:44,664 Dados salvos em .//0/subreddits/attention.json (0 posts)
2026-04-29 14:32:44,664 Scraping subreddit: addiction
2026-04-29 14:32:45,164 Dados salvos em .//0/subreddits/addiction.json (0 posts)
2026-04-29 14:32:45,164 Scraping subreddit: depression
2026-04-29 14:32:45,569 Dados salvos em .//0/subreddits/depression.json (0 posts)
2026-04-29 14:32:45,569 Scraping subreddit: selfimprovement
2026-04-29 14:32:46,027 Dados salvos em .//0/subreddits/selfimprovement.json (0 posts)
2026-04-29 14:32:46,027 Scraping subreddit: studytips
2026-04-29 14:32:46,516 Dados salvos em .//0/subreddits/studytips.json (0 posts)
2026-04-29 14:32:46,516 Scraping subreddit: study
2026-04-29 14:32:46,947 Dados salvos em .//0/subreddits/study.json (0 posts)
2026-04-29 14:32:46,947 Scraping subreddit: brainrot
2026-04-29 14:32:47,375 Dados salvos em .//0/subreddits/brainrot.json (0 posts)
2026-04-29 14:32:47,375 Scraping subreddit: nosurf
2026-04-29 14:32:47,852 Dados salvos em .//0/subreddits/nosurf.json (0 posts)
2026-04-29 14:32:47,852 
==================================================
2026-04-29 14:32:47,852 SNOWBALL — Profundidade 1/2
2026-04-29 14:32:47,853 Subreddits nesta rodada: set()
2026-04-29 14:32:47,853 ==================================================
2026-04-29 14:32:47,853 Nenhum subreddit novo. Encerrando snowball.
2026-04-29 14:43:39,294 
==================================================
2026-04-29 14:43:39,294 SNOWBALL — Profundidade 0/2
2026-04-29 14:43:39,294 Subreddits nesta rodada: {'study', 'studytips', 'teenagers', 'depression', 'anxiety', 'selfhelp', 'addiction', 'nosurf', 'selfimprovement'}
2026-04-29 14:43:39,294 ==================================================
2026-04-29 14:43:39,294 Scraping subreddit: study
2026-04-29 14:43:40,124   25 posts coletados...
2026-04-29 14:43:43,022   50 posts coletados...
2026-04-29 14:43:45,858   75 posts coletados...
2026-04-29 14:43:49,944   85 posts coletados...
2026-04-29 14:43:52,414 Dados salvos em .//0/subreddits/study.json (85 posts)
2026-04-29 14:43:52,414 Scraping subreddit: studytips
2026-04-29 14:43:53,384   25 posts coletados...
2026-04-29 14:43:56,211   50 posts coletados...
2026-04-29 14:43:58,391   75 posts coletados...
2026-04-29 14:44:01,207   100 posts coletados...
2026-04-29 14:44:03,985   125 posts coletados...
2026-04-29 14:44:06,841   150 posts coletados...
2026-04-29 14:44:09,671   175 posts coletados...
2026-04-29 14:44:12,616   200 posts coletados...
2026-04-29 14:44:14,636 Dados salvos em .//0/subreddits/studytips.json (200 posts)
2026-04-29 14:44:14,637 Scraping subreddit: teenagers
2026-04-29 14:44:15,643   25 posts coletados...
2026-04-29 14:44:18,827   50 posts coletados...
2026-04-29 14:44:21,618   75 posts coletados...
2026-04-29 14:44:24,421   100 posts coletados...
2026-04-29 14:44:27,250   125 posts coletados...
2026-04-29 14:44:29,305   150 posts coletados...
2026-04-29 14:44:32,461   175 posts coletados...
2026-04-29 14:44:35,266   200 posts coletados...
2026-04-29 14:44:37,271 Dados salvos em .//0/subreddits/teenagers.json (200 posts)
2026-04-29 14:44:37,271 Scraping subreddit: depression
2026-04-29 14:44:38,276   25 posts coletados...
2026-04-29 14:44:41,089   50 posts coletados...
2026-04-29 14:44:43,840   75 posts coletados...
2026-04-29 14:44:46,604   100 posts coletados...
2026-04-29 14:44:49,521   125 posts coletados...
2026-04-29 14:44:52,297   150 posts coletados...
2026-04-29 14:44:55,128   175 posts coletados...
2026-04-29 14:44:57,981   200 posts coletados...
2026-04-29 14:44:59,985 Dados salvos em .//0/subreddits/depression.json (200 posts)
2026-04-29 14:44:59,986 Scraping subreddit: anxiety
2026-04-29 14:45:00,042   25 posts coletados...
2026-04-29 14:45:02,848   50 posts coletados...
2026-04-29 14:45:05,621   75 posts coletados...
2026-04-29 14:45:08,666   100 posts coletados...
2026-04-29 14:45:11,541   125 posts coletados...
2026-04-29 14:45:14,427   150 posts coletados...
2026-04-29 14:45:17,223   175 posts coletados...
2026-04-29 14:45:20,033   200 posts coletados...
2026-04-29 14:45:22,038 Dados salvos em .//0/subreddits/anxiety.json (200 posts)
2026-04-29 14:45:22,038 Scraping subreddit: selfhelp
2026-04-29 14:45:22,906   25 posts coletados...
2026-04-29 14:45:25,741   50 posts coletados...
2026-04-29 14:45:28,520   75 posts coletados...
2026-04-29 14:45:31,723   100 posts coletados...
2026-04-29 14:45:33,743   125 posts coletados...
2026-04-29 14:45:36,529   150 posts coletados...
2026-04-29 14:45:39,530   175 posts coletados...
2026-04-29 14:45:42,369   200 posts coletados...
2026-04-29 14:45:44,381 Dados salvos em .//0/subreddits/selfhelp.json (200 posts)
2026-04-29 14:45:44,381 Scraping subreddit: addiction
2026-04-29 14:45:44,934 Dados salvos em .//0/subreddits/addiction.json (0 posts)
2026-04-29 14:45:44,934 Scraping subreddit: nosurf
2026-04-29 14:45:45,905   25 posts coletados...
2026-04-29 14:45:48,830   50 posts coletados...
2026-04-29 14:45:51,729   75 posts coletados...
2026-04-29 14:45:57,835   100 posts coletados...
2026-04-29 14:46:00,661   125 posts coletados...
2026-04-29 14:46:02,775   150 posts coletados...
2026-04-29 14:46:05,625   175 posts coletados...
2026-04-29 14:46:08,466   200 posts coletados...
2026-04-29 14:46:10,470 Dados salvos em .//0/subreddits/nosurf.json (200 posts)
2026-04-29 14:46:10,470 Scraping subreddit: selfimprovement
2026-04-29 14:46:11,449   25 posts coletados...
2026-04-29 14:46:14,400   50 posts coletados...
2026-04-29 14:46:17,193   75 posts coletados...
2026-04-29 14:46:20,085   100 posts coletados...
2026-04-29 14:46:22,884   125 posts coletados...
2026-04-29 14:46:25,628   150 posts coletados...
2026-04-29 14:46:28,404   175 posts coletados...
2026-04-29 14:46:31,200   200 posts coletados...
2026-04-29 14:46:33,221 Dados salvos em .//0/subreddits/selfimprovement.json (200 posts)
2026-04-29 14:46:33,223 
==================================================
2026-04-29 14:46:33,223 SNOWBALL — Profundidade 1/2
2026-04-29 14:46:33,223 Subreddits nesta rodada: set()
2026-04-29 14:46:33,223 ==================================================
2026-04-29 14:46:33,223 Nenhum subreddit novo. Encerrando snowball.
