2026-05-12 13:42:14,927 
==================================================
2026-05-12 13:42:14,928 SNOWBALL — Profundidade 0/2
2026-05-12 13:42:14,928 Subreddits nesta rodada: {'depression', 'productivity', 'dopaminedetoxing', 'selfimprovement', 'mentalhealth', 'decidingtobebetter', 'teenagers', 'digitalminimalism', 'anxiety', 'nosurf', 'simpleliving', 'addiction', 'adhd', 'bingeeatingdisorder', 'study', 'getdisciplined', 'selfhelp', 'studytips'}
2026-05-12 13:42:14,928 ==================================================
2026-05-12 13:42:14,928 Scraping subreddit: depression
2026-05-12 13:42:15,795   25 posts coletados...
2026-05-12 13:42:18,568   50 posts coletados...
2026-05-12 13:42:21,350   75 posts coletados...
2026-05-12 13:42:24,346   100 posts coletados...
2026-05-12 13:42:27,235   125 posts coletados...
2026-05-12 13:42:30,028   150 posts coletados...
2026-05-12 13:42:33,032   175 posts coletados...
2026-05-12 13:42:35,977   195 posts coletados...
2026-05-12 13:42:38,313 Dados salvos em ./org/0/subreddits/depression.json (195 posts)
2026-05-12 13:42:38,313 Scraping subreddit: productivity
2026-05-12 13:42:39,372   25 posts coletados...
2026-05-12 13:42:42,137   50 posts coletados...
2026-05-12 13:42:44,997   75 posts coletados...
2026-05-12 13:42:47,876   100 posts coletados...
2026-05-12 13:42:50,681   125 posts coletados...
2026-05-12 13:42:53,492   150 posts coletados...
2026-05-12 13:42:56,286   175 posts coletados...
2026-05-12 13:42:59,081   200 posts coletados...
2026-05-12 13:43:01,085 Dados salvos em ./org/0/subreddits/productivity.json (200 posts)
2026-05-12 13:43:01,085 Scraping subreddit: dopaminedetoxing
2026-05-12 13:43:02,013   25 posts coletados...
2026-05-12 13:43:04,729   50 posts coletados...
2026-05-12 13:43:07,645   75 posts coletados...
2026-05-12 13:43:10,393   100 posts coletados...
2026-05-12 13:43:13,243   125 posts coletados...
2026-05-12 13:43:16,031   150 posts coletados...
2026-05-12 13:43:18,772   175 posts coletados...
2026-05-12 13:43:21,491   197 posts coletados...
2026-05-12 13:43:23,898 Dados salvos em ./org/0/subreddits/dopaminedetoxing.json (197 posts)
2026-05-12 13:43:23,899 Scraping subreddit: selfimprovement
2026-05-12 13:43:24,947   25 posts coletados...
2026-05-12 13:43:27,682   50 posts coletados...
2026-05-12 13:43:30,469   75 posts coletados...
2026-05-12 13:43:33,274   100 posts coletados...
2026-05-12 13:43:36,048   125 posts coletados...
2026-05-12 13:43:38,985   150 posts coletados...
2026-05-12 13:43:41,690   175 posts coletados...
2026-05-12 13:43:44,329   196 posts coletados...
2026-05-12 13:43:46,673 Dados salvos em ./org/0/subreddits/selfimprovement.json (196 posts)
2026-05-12 13:43:46,673 Scraping subreddit: mentalhealth
2026-05-12 13:43:47,483   25 posts coletados...
2026-05-12 13:43:50,209   50 posts coletados...
2026-05-12 13:43:53,010   75 posts coletados...
2026-05-12 13:43:55,743   100 posts coletados...
2026-05-12 13:43:58,487   125 posts coletados...
2026-05-12 13:44:01,343   150 posts coletados...
2026-05-12 13:44:04,181   175 posts coletados...
2026-05-12 13:44:06,965   200 posts coletados...
2026-05-12 13:44:08,968 Dados salvos em ./org/0/subreddits/mentalhealth.json (200 posts)
2026-05-12 13:44:08,968 Scraping subreddit: decidingtobebetter
2026-05-12 13:44:09,839   25 posts coletados...
2026-05-12 13:44:12,735   50 posts coletados...
2026-05-12 13:44:16,634   75 posts coletados...
2026-05-12 13:44:19,515   100 posts coletados...
2026-05-12 13:44:22,228   125 posts coletados...
2026-05-12 13:44:25,039   150 posts coletados...
2026-05-12 13:44:28,007   175 posts coletados...
2026-05-12 13:44:30,640   191 posts coletados...
2026-05-12 13:44:33,187 Dados salvos em ./org/0/subreddits/decidingtobebetter.json (191 posts)
2026-05-12 13:44:33,187 Scraping subreddit: teenagers
2026-05-12 13:44:34,020   25 posts coletados...
2026-05-12 13:44:36,762   50 posts coletados...
2026-05-12 13:44:39,938   75 posts coletados...
2026-05-12 13:44:42,741   100 posts coletados...
2026-05-12 13:44:45,655   125 posts coletados...
2026-05-12 13:44:48,392   150 posts coletados...
2026-05-12 13:44:51,297   175 posts coletados...
2026-05-12 13:44:54,229   193 posts coletados...
2026-05-12 13:44:56,609 Dados salvos em ./org/0/subreddits/teenagers.json (193 posts)
2026-05-12 13:44:56,609 Scraping subreddit: digitalminimalism
2026-05-12 13:44:57,498   25 posts coletados...
2026-05-12 13:45:00,279   50 posts coletados...
2026-05-12 13:45:03,195   75 posts coletados...
2026-05-12 13:45:05,805   100 posts coletados...
2026-05-12 13:45:08,603   125 posts coletados...
2026-05-12 13:45:11,373   150 posts coletados...
2026-05-12 13:45:14,130   175 posts coletados...
2026-05-12 13:45:16,950   200 posts coletados...
2026-05-12 13:45:18,953 Dados salvos em ./org/0/subreddits/digitalminimalism.json (200 posts)
2026-05-12 13:45:18,953 Scraping subreddit: anxiety
2026-05-12 13:45:20,079   25 posts coletados...
2026-05-12 13:45:22,858   50 posts coletados...
2026-05-12 13:45:26,140   75 posts coletados...
2026-05-12 13:45:29,065   100 posts coletados...
2026-05-12 13:45:31,888   125 posts coletados...
2026-05-12 13:45:34,778   150 posts coletados...
2026-05-12 13:45:37,542   175 posts coletados...
2026-05-12 13:45:40,481   200 posts coletados...
2026-05-12 13:45:42,485 Dados salvos em ./org/0/subreddits/anxiety.json (200 posts)
2026-05-12 13:45:42,485 Scraping subreddit: nosurf
2026-05-12 13:45:43,302   25 posts coletados...
2026-05-12 13:45:46,145   50 posts coletados...
2026-05-12 13:45:49,944   75 posts coletados...
2026-05-12 13:45:52,807   100 posts coletados...
2026-05-12 13:45:55,683   125 posts coletados...
2026-05-12 13:45:58,496   150 posts coletados...
2026-05-12 13:46:01,170   170 posts coletados...
2026-05-12 13:46:03,546 Dados salvos em ./org/0/subreddits/nosurf.json (170 posts)
2026-05-12 13:46:03,546 Scraping subreddit: simpleliving
2026-05-12 13:46:04,351   25 posts coletados...
2026-05-12 13:46:07,207   50 posts coletados...
2026-05-12 13:46:09,953   75 posts coletados...
2026-05-12 13:46:12,873   100 posts coletados...
2026-05-12 13:46:15,718   125 posts coletados...
2026-05-12 13:46:18,533   150 posts coletados...
2026-05-12 13:46:21,292   175 posts coletados...
2026-05-12 13:46:23,979   195 posts coletados...
2026-05-12 13:46:26,329 Dados salvos em ./org/0/subreddits/simpleliving.json (195 posts)
2026-05-12 13:46:26,329 Scraping subreddit: addiction
2026-05-12 13:46:27,280   25 posts coletados...
2026-05-12 13:46:30,261   50 posts coletados...
2026-05-12 13:46:33,181   75 posts coletados...
2026-05-12 13:46:36,166   100 posts coletados...
2026-05-12 13:46:39,025   125 posts coletados...
2026-05-12 13:46:42,038   150 posts coletados...
2026-05-12 13:46:44,250   [429] Rate limited. Aguardando 10s...
2026-05-12 13:46:54,460   [429] Rate limited. Aguardando 20s...
2026-05-12 13:47:14,695   [429] Rate limited. Aguardando 30s...
2026-05-12 13:47:45,022   [429] Rate limited. Aguardando 40s...
2026-05-12 13:48:25,270   [429] Rate limited. Aguardando 50s...
2026-05-12 13:49:15,485   [429] Rate limited. Aguardando 60s...
2026-05-12 13:50:16,330   175 posts coletados...
2026-05-12 13:50:19,578   200 posts coletados...
2026-05-12 13:50:21,580 Dados salvos em ./org/0/subreddits/addiction.json (200 posts)
2026-05-12 13:50:21,580 Scraping subreddit: adhd
2026-05-12 13:50:22,422   25 posts coletados...
2026-05-12 13:50:25,200   50 posts coletados...
2026-05-12 13:50:28,049   75 posts coletados...
2026-05-12 13:50:30,681   100 posts coletados...
2026-05-12 13:50:33,487   125 posts coletados...
2026-05-12 13:50:36,249   150 posts coletados...
2026-05-12 13:50:38,987   175 posts coletados...
2026-05-12 13:50:41,929   200 posts coletados...
2026-05-12 13:50:43,932 Dados salvos em ./org/0/subreddits/adhd.json (200 posts)
2026-05-12 13:50:43,932 Scraping subreddit: bingeeatingdisorder
2026-05-12 13:50:44,757   25 posts coletados...
2026-05-12 13:50:47,568   50 posts coletados...
2026-05-12 13:50:50,413   75 posts coletados...
2026-05-12 13:50:53,249   100 posts coletados...
2026-05-12 13:50:55,987   125 posts coletados...
2026-05-12 13:50:58,609   128 posts coletados...
2026-05-12 13:51:01,010 Dados salvos em ./org/0/subreddits/bingeeatingdisorder.json (128 posts)
2026-05-12 13:51:01,010 Scraping subreddit: study
2026-05-12 13:51:01,824   25 posts coletados...
2026-05-12 13:51:04,635   50 posts coletados...
2026-05-12 13:51:07,402   75 posts coletados...
2026-05-12 13:51:10,146   100 posts coletados...
2026-05-12 13:51:12,835   125 posts coletados...
2026-05-12 13:51:15,475   137 posts coletados...
2026-05-12 13:51:17,815 Dados salvos em ./org/0/subreddits/study.json (137 posts)
2026-05-12 13:51:17,815 Scraping subreddit: getdisciplined
2026-05-12 13:51:18,748   25 posts coletados...
2026-05-12 13:51:21,648   50 posts coletados...
2026-05-12 13:51:24,506   75 posts coletados...
2026-05-12 13:51:27,444   100 posts coletados...
2026-05-12 13:51:30,471   125 posts coletados...
2026-05-12 13:51:33,317   150 posts coletados...
2026-05-12 13:51:36,178   175 posts coletados...
2026-05-12 13:51:39,099   200 posts coletados...
2026-05-12 13:51:41,102 Dados salvos em ./org/0/subreddits/getdisciplined.json (200 posts)
2026-05-12 13:51:41,102 Scraping subreddit: selfhelp
2026-05-12 13:51:42,047   25 posts coletados...
2026-05-12 13:51:44,855   50 posts coletados...
2026-05-12 13:51:47,911   75 posts coletados...
2026-05-12 13:51:50,922   100 posts coletados...
2026-05-12 13:51:53,676   125 posts coletados...
2026-05-12 13:51:56,559   150 posts coletados...
2026-05-12 13:51:59,371   175 posts coletados...
2026-05-12 13:52:02,357   200 posts coletados...
2026-05-12 13:52:04,362 Dados salvos em ./org/0/subreddits/selfhelp.json (200 posts)
2026-05-12 13:52:04,362 Scraping subreddit: studytips
2026-05-12 13:52:05,226   25 posts coletados...
2026-05-12 13:52:08,081   50 posts coletados...
2026-05-12 13:52:10,857   75 posts coletados...
2026-05-12 13:52:13,665   100 posts coletados...
2026-05-12 13:52:16,506   125 posts coletados...
2026-05-12 13:52:19,288   150 posts coletados...
2026-05-12 13:52:22,077   175 posts coletados...
2026-05-12 13:52:24,843   200 posts coletados...
2026-05-12 13:52:26,846 Dados salvos em ./org/0/subreddits/studytips.json (200 posts)
2026-05-12 13:52:26,847 
==================================================
2026-05-12 13:52:26,847 SNOWBALL — Profundidade 1/2
2026-05-12 13:52:26,847 Subreddits nesta rodada: set()
2026-05-12 13:52:26,847 ==================================================
2026-05-12 13:52:26,847 Nenhum subreddit novo. Encerrando snowball.
